[Sun Sep 11 15:39:06.164807 2022] [wsgi:error] [pid 1432:tid 140660616279616] [remote 147.92.149.167:34172] INFO in views: =webook==09-11 15391662881946
[Sun Sep 11 15:39:06.165277 2022] [wsgi:error] [pid 1432:tid 140660616279616] [remote 147.92.149.167:34172] INFO in views: {"destination":"Ufbf396b0e828e31663dcfb22f429968d","events":[{"type":"postback","postback":{"data":"action=groupshipMenu"},"webhookEventId":"01GCNQSP13C44MEPG61VZM6RFS","deliveryContext":{"isRedelivery":false},"timestamp":1662881945564,"source":{"type":"user","userId":"U3f4cef16a01321e74243cc84651dc063"},"replyToken":"a1bea6ee5f0440cf93e5957b0082db56","mode":"active"}]}
[Sun Sep 11 15:39:06.233173 2022] [wsgi:error] [pid 1432:tid 140660616279616] [remote 147.92.149.167:34172] INFO in views: posback
[Sun Sep 11 15:39:06.234986 2022] [wsgi:error] [pid 1432:tid 140660616279616] [remote 147.92.149.167:34172] INFO in utils: get_contactbase U3f4cef16a01321e74243cc84651dc063
[Sun Sep 11 15:39:06.240083 2022] [wsgi:error] [pid 1432:tid 140660616279616] [remote 147.92.149.167:34172] INFO in utils: profile:U3f4cef16a01321e74243cc84651dc063 \xe6\x9e\x97\xe7\x8e\x89\xe9\x9b\xaf
[Sun Sep 11 15:39:06.245156 2022] [wsgi:error] [pid 1432:tid 140660616279616] [remote 147.92.149.167:34172] INFO in views: groupshipMenu
[Sun Sep 11 15:39:06.573784 2022] [wsgi:error] [pid 1432:tid 140660616279616] [remote 147.92.149.167:34172] INFO in views: post 200
[Sun Sep 11 15:39:11.989286 2022] [ssl:info] [pid 1434:tid 140660430558784] [client 147.92.149.167:34634] AH01964: Connection to child 79 established (server ip134.puli27.ncnu.edu.tw:443)
[Sun Sep 11 15:39:12.143578 2022] [wsgi:error] [pid 1432:tid 140660498781760] [remote 147.92.149.167:34634] INFO in views: webhook
[Sun Sep 11 15:39:12.143939 2022] [wsgi:error] [pid 1432:tid 140660498781760] [remote 147.92.149.167:34634] INFO in views: =webook==09-11 15391662881952
[Sun Sep 11 15:39:12.144399 2022] [wsgi:error] [pid 1432:tid 140660498781760] [remote 147.92.149.167:34634] INFO in views: {"destination":"Ufbf396b0e828e31663dcfb22f429968d","events":[{"type":"postback","postback":{"data":"action=selectgroup&listid=1159B494-2F6A-E911-80D9-00155D006913&cid=2AA62481-158A-EC11-80E0-00155D006913&sender=personal"},"webhookEventId":"01GCNQSVXM3GVX9RV4J7ZM5J33","deliveryContext":{"isRedelivery":false},"timestamp":1662881951174,"source":{"type":"user","userId":"U3f4cef16a01321e74243cc84651dc063"},"replyToken":"59df88dcb9a746d3a8f5a65dd3119615","mode":"active"}]}
[Sun Sep 11 15:39:12.214224 2022] [wsgi:error] [pid 1432:tid 140660498781760] [remote 147.92.149.167:34634] INFO in views: posback
[Sun Sep 11 15:39:12.216118 2022] [wsgi:error] [pid 1432:tid 140660498781760] [remote 147.92.149.167:34634] INFO in utils: get_contactbase U3f4cef16a01321e74243cc84651dc063
[Sun Sep 11 15:39:12.221104 2022] [wsgi:error] [pid 1432:tid 140660498781760] [remote 147.92.149.167:34634] INFO in utils: profile:U3f4cef16a01321e74243cc84651dc063 \xe6\x9e\x97\xe7\x8e\x89\xe9\x9b\xaf
[Sun Sep 11 15:39:12.226286 2022] [wsgi:error] [pid 1432:tid 140660498781760] [remote 147.92.149.167:34634] INFO in views: selectgroup
[Sun Sep 11 15:39:12.226551 2022] [wsgi:error] [pid 1432:tid 140660498781760] [remote 147.92.149.167:34634] INFO in utils: contactbaseByContactid2AA62481-158A-EC11-80E0-00155D006913
[Sun Sep 11 15:39:12.231158 2022] [wsgi:error] [pid 1432:tid 140660498781760] [remote 147.92.149.167:34634] INFO in utils: <lineBotApp.classes.Member object at 0x7fee0b740b50>
[Sun Sep 11 15:39:12.639028 2022] [wsgi:error] [pid 1432:tid 140660498781760] [remote 147.92.149.167:34634] INFO in views: post 200
[Sun Sep 11 15:39:25.339950 2022] [ssl:info] [pid 1433:tid 140660624672320] [client 147.92.149.169:43776] AH01964: Connection to child 0 established (server ip134.puli27.ncnu.edu.tw:443)
[Sun Sep 11 15:39:25.488852 2022] [wsgi:error] [pid 1432:tid 140660616279616] [remote 147.92.149.169:43776] INFO in views: webhook
[Sun Sep 11 15:39:25.489228 2022] [wsgi:error] [pid 1432:tid 140660616279616] [remote 147.92.149.169:43776] INFO in views: =webook==09-11 15391662881965
[Sun Sep 11 15:39:25.489682 2022] [wsgi:error] [pid 1432:tid 140660616279616] [remote 147.92.149.169:43776] INFO in views: {"destination":"Ufbf396b0e828e31663dcfb22f429968d","events":[{"type":"postback","postback":{"data":"action=Cherub"},"webhookEventId":"01GCNQT8XV9NGWRG3RC1CCWVDA","deliveryContext":{"isRedelivery":false},"timestamp":1662881964484,"source":{"type":"user","userId":"U7a8206c1e4b65e8389354bb95d3f3732"},"replyToken":"ffdb3f6371c04a51a6bcefe0159b43c0","mode":"active"}]}
[Sun Sep 11 15:39:25.556685 2022] [wsgi:error] [pid 1432:tid 140660616279616] [remote 147.92.149.169:43776] INFO in views: posback
[Sun Sep 11 15:39:25.558580 2022] [wsgi:error] [pid 1432:tid 140660616279616] [remote 147.92.149.169:43776] INFO in utils: get_contactbase U7a8206c1e4b65e8389354bb95d3f3732
[Sun Sep 11 15:39:25.563498 2022] [wsgi:error] [pid 1432:tid 140660616279616] [remote 147.92.149.169:43776] INFO in utils: profile:U7a8206c1e4b65e8389354bb95d3f3732 not found
[Sun Sep 11 15:39:25.563790 2022] [wsgi:error] [pid 1432:tid 140660616279616] [remote 147.92.149.169:43776] INFO in views: Cherub
[Sun Sep 11 15:39:31.314739 2022] [ssl:info] [pid 1434:tid 140660396987968] [client 147.92.149.167:35990] AH01964: Connection to child 83 established (server ip134.puli27.ncnu.edu.tw:443)
[Sun Sep 11 15:39:31.471956 2022] [wsgi:error] [pid 1432:tid 140660498781760] [remote 147.92.149.167:35990] INFO in views: webhook
[Sun Sep 11 15:39:31.472326 2022] [wsgi:error] [pid 1432:tid 140660498781760] [remote 147.92.149.167:35990] INFO in views: =webook==09-11 15391662881971
[Sun Sep 11 15:39:31.472786 2022] [wsgi:error] [pid 1432:tid 140660498781760] [remote 147.92.149.167:35990] INFO in views: {"destination":"Ufbf396b0e828e31663dcfb22f429968d","events":[{"type":"postback","postback":{"data":"action=selectgroupdate&cid=2AA62481-158A-EC11-80E0-00155D006913&listid=1159B494-2F6A-E911-80D9-00155D006913&sender=personal","params":{"date":"2022-09-09"}},"webhookEventId":"01GCNQTEPZWDB9BDP7P2YAVYMY","deliveryContext":{"isRedelivery":false},"timestamp":1662881970409,"source":{"type":"user","userId":"U3f4cef16a01321e74243cc84651dc063"},"replyToken":"6f07bb6a01bb46efadb7c7aeabfe85a6","mode":"active"}]}
[Sun Sep 11 15:39:31.540111 2022] [wsgi:error] [pid 1432:tid 140660498781760] [remote 147.92.149.167:35990] INFO in views: posback
[Sun Sep 11 15:39:31.542672 2022] [wsgi:error] [pid 1432:tid 140660498781760] [remote 147.92.149.167:35990] INFO in utils: get_contactbase U3f4cef16a01321e74243cc84651dc063
[Sun Sep 11 15:39:31.547572 2022] [wsgi:error] [pid 1432:tid 140660498781760] [remote 147.92.149.167:35990] INFO in utils: profile:U3f4cef16a01321e74243cc84651dc063 \xe6\x9e\x97\xe7\x8e\x89\xe9\x9b\xaf
[Sun Sep 11 15:39:31.552809 2022] [wsgi:error] [pid 1432:tid 140660498781760] [remote 147.92.149.167:35990] INFO in views: selectgroupdate
[Sun Sep 11 15:39:31.553111 2022] [wsgi:error] [pid 1432:tid 140660498781760] [remote 147.92.149.167:35990] INFO in utils: contactbaseByContactid2AA62481-158A-EC11-80E0-00155D006913
[Sun Sep 11 15:39:31.557772 2022] [wsgi:error] [pid 1432:tid 140660498781760] [remote 147.92.149.167:35990] INFO in utils: <lineBotApp.classes.Member object at 0x7fee0bf8e1d0>
[Sun Sep 11 15:39:32.042050 2022] [wsgi:error] [pid 1432:tid 140660498781760] [remote 147.92.149.167:35990] INFO in views: post 200
[Sun Sep 11 15:40:36.845780 2022] [ssl:info] [pid 1434:tid 140660380202560] [client 139.59.159.130:60178] AH01964: Connection to child 85 established (server ip134.puli27.ncnu.edu.tw:443)
[Sun Sep 11 15:40:37.536798 2022] [ssl:info] [pid 1433:tid 140660506093120] [client 139.59.159.130:32804] AH01964: Connection to child 6 established (server ip134.puli27.ncnu.edu.tw:443)
[Sun Sep 11 15:40:37.768979 2022] [ssl:info] [pid 1433:tid 140660506093120] [client 139.59.159.130:32804] AH01998: Connection closed to child 6 with abortive shutdown (server ip134.puli27.ncnu.edu.tw:443)
[Sun Sep 11 15:40:38.002744 2022] [ssl:info] [pid 1434:tid 140660363417152] [client 139.59.159.130:33190] AH01964: Connection to child 87 established (server ip134.puli27.ncnu.edu.tw:443)
[Sun Sep 11 15:40:38.235829 2022] [ssl:info] [pid 1434:tid 140660363417152] [client 139.59.159.130:33190] AH01998: Connection closed to child 87 with abortive shutdown (server ip134.puli27.ncnu.edu.tw:443)
[Sun Sep 11 15:40:38.469588 2022] [ssl:info] [pid 1434:tid 140660355024448] [client 139.59.159.130:33686] AH01964: Connection to child 88 established (server ip134.puli27.ncnu.edu.tw:443)
[Sun Sep 11 15:40:38.700703 2022] [ssl:info] [pid 1434:tid 140660355024448] [client 139.59.159.130:33686] AH01998: Connection closed to child 88 with abortive shutdown (server ip134.puli27.ncnu.edu.tw:443)
[Sun Sep 11 15:40:38.922164 2022] [ssl:info] [pid 1434:tid 140660624672320] [client 139.59.159.130:34108] AH01964: Connection to child 64 established (server ip134.puli27.ncnu.edu.tw:443)
[Sun Sep 11 15:40:39.147567 2022] [ssl:info] [pid 1434:tid 140660624672320] [client 139.59.159.130:34108] AH01998: Connection closed to child 64 with abortive shutdown (server ip134.puli27.ncnu.edu.tw:443)
[Sun Sep 11 15:40:39.402929 2022] [ssl:info] [pid 1434:tid 140660616279616] [client 139.59.159.130:34446] AH01964: Connection to child 65 established (server ip134.puli27.ncnu.edu.tw:443)
[Sun Sep 11 15:40:39.643446 2022] [ssl:info] [pid 1434:tid 140660616279616] [client 139.59.159.130:34446] AH01998: Connection closed to child 65 with abortive shutdown (server ip134.puli27.ncnu.edu.tw:443)
[Sun Sep 11 15:40:39.881443 2022] [ssl:info] [pid 1434:tid 140660607886912] [client 139.59.159.130:34816] AH01964: Connection to child 66 established (server ip134.puli27.ncnu.edu.tw:443)
[Sun Sep 11 15:40:39.881862 2022] [ssl:info] [pid 1434:tid 140660607886912] [client 139.59.159.130:34816] AH02008: SSL library error 1 in handshake (server ip134.puli27.ncnu.edu.tw:443)
[Sun Sep 11 15:40:39.881908 2022] [ssl:info] [pid 1434:tid 140660607886912] SSL Library Error: error:0A000102:SSL routines::unsupported protocol
[Sun Sep 11 15:40:39.881929 2022] [ssl:info] [pid 1434:tid 140660607886912] [client 139.59.159.130:34816] AH01998: Connection closed to child 66 with abortive shutdown (server ip134.puli27.ncnu.edu.tw:443)
[Sun Sep 11 15:40:40.349794 2022] [ssl:info] [pid 1433:tid 140660497700416] [client 139.59.159.130:35146] AH01964: Connection to child 7 established (server ip134.puli27.ncnu.edu.tw:443)
[Sun Sep 11 15:40:40.584473 2022] [ssl:info] [pid 1433:tid 140660497700416] [client 139.59.159.130:35146] AH01998: Connection closed to child 7 with abortive shutdown (server ip134.puli27.ncnu.edu.tw:443)
[Sun Sep 11 15:40:40.810312 2022] [ssl:info] [pid 1434:tid 140660599494208] [client 139.59.159.130:35594] AH01964: Connection to child 67 established (server ip134.puli27.ncnu.edu.tw:443)
[Sun Sep 11 15:40:41.039030 2022] [ssl:info] [pid 1434:tid 140660599494208] [client 139.59.159.130:35594] AH01998: Connection closed to child 67 with abortive shutdown (server ip134.puli27.ncnu.edu.tw:443)
[Sun Sep 11 15:40:41.274296 2022] [ssl:info] [pid 1434:tid 140660497700416] [client 139.59.159.130:35878] AH01964: Connection to child 71 established (server ip134.puli27.ncnu.edu.tw:443)
[Sun Sep 11 15:40:41.274822 2022] [ssl:info] [pid 1434:tid 140660497700416] [client 139.59.159.130:35878] AH02008: SSL library error 1 in handshake (server ip134.puli27.ncnu.edu.tw:443)
[Sun Sep 11 15:40:41.274866 2022] [ssl:info] [pid 1434:tid 140660497700416] SSL Library Error: error:0A0000C1:SSL routines::no shared cipher -- Too restrictive SSLCipherSuite or using DSA server certificate?
[Sun Sep 11 15:40:41.274889 2022] [ssl:info] [pid 1434:tid 140660497700416] [client 139.59.159.130:35878] AH01998: Connection closed to child 71 with abortive shutdown (server ip134.puli27.ncnu.edu.tw:443)
[Sun Sep 11 15:40:41.735798 2022] [ssl:info] [pid 1433:tid 140660599494208] [client 139.59.159.130:36190] AH01964: Connection to child 3 established (server ip134.puli27.ncnu.edu.tw:443)
[Sun Sep 11 15:40:41.736295 2022] [ssl:info] [pid 1433:tid 140660599494208] [client 139.59.159.130:36190] AH02008: SSL library error 1 in handshake (server ip134.puli27.ncnu.edu.tw:443)
[Sun Sep 11 15:40:41.736342 2022] [ssl:info] [pid 1433:tid 140660599494208] SSL Library Error: error:0A00006C:SSL routines::bad key share
[Sun Sep 11 15:40:41.736363 2022] [ssl:info] [pid 1433:tid 140660599494208] [client 139.59.159.130:36190] AH01998: Connection closed to child 3 with abortive shutdown (server ip134.puli27.ncnu.edu.tw:443)
[Sun Sep 11 15:40:42.190376 2022] [ssl:info] [pid 1433:tid 140660489307712] [client 139.59.159.130:36332] AH01964: Connection to child 8 established (server ip134.puli27.ncnu.edu.tw:443)
[Sun Sep 11 15:40:42.194042 2022] [ssl:info] [pid 1433:tid 140660480915008] [client 139.59.159.130:36338] AH01964: Connection to child 9 established (server ip134.puli27.ncnu.edu.tw:443)
[Sun Sep 11 15:40:42.199812 2022] [ssl:info] [pid 1433:tid 140660607886912] [client 139.59.159.130:36336] AH01964: Connection to child 2 established (server ip134.puli27.ncnu.edu.tw:443)
[Sun Sep 11 15:40:42.200188 2022] [ssl:info] [pid 1433:tid 140660472522304] [client 139.59.159.130:36334] AH01964: Connection to child 10 established (server ip134.puli27.ncnu.edu.tw:443)
[Sun Sep 11 15:40:42.202047 2022] [ssl:info] [pid 1433:tid 140660464129600] [client 139.59.159.130:36322] AH01964: Connection to child 11 established (server ip134.puli27.ncnu.edu.tw:443)
[Sun Sep 11 15:40:42.206213 2022] [ssl:info] [pid 1434:tid 140660591101504] [client 139.59.159.130:36330] AH01964: Connection to child 68 established (server ip134.puli27.ncnu.edu.tw:443)
[Sun Sep 11 15:40:42.210041 2022] [ssl:info] [pid 1434:tid 140660514485824] [client 139.59.159.130:36324] AH01964: Connection to child 69 established (server ip134.puli27.ncnu.edu.tw:443)
[Sun Sep 11 15:40:42.214043 2022] [ssl:info] [pid 1434:tid 140660489307712] [client 139.59.159.130:36342] AH01964: Connection to child 72 established (server ip134.puli27.ncnu.edu.tw:443)
[Sun Sep 11 15:40:42.218040 2022] [ssl:info] [pid 1434:tid 140660506093120] [client 139.59.159.130:36340] AH01964: Connection to child 70 established (server ip134.puli27.ncnu.edu.tw:443)
[Sun Sep 11 15:40:42.222106 2022] [ssl:info] [pid 1434:tid 140660472522304] [client 139.59.159.130:36326] AH01964: Connection to child 74 established (server ip134.puli27.ncnu.edu.tw:443)
[Sun Sep 11 15:40:42.226039 2022] [ssl:info] [pid 1434:tid 140660464129600] [client 139.59.159.130:36328] AH01964: Connection to child 75 established (server ip134.puli27.ncnu.edu.tw:443)
[Sun Sep 11 15:40:42.471971 2022] [authz_core:error] [pid 1434:tid 140660472522304] [client 139.59.159.130:36326] AH01630: client denied by server configuration: /home/chyshu/newproject/djproject/djproject/wsgi.py
[Sun Sep 11 15:40:42.908992 2022] [ssl:info] [pid 1433:tid 140660438951488] [client 139.59.159.130:36616] AH01964: Connection to child 14 established (server ip134.puli27.ncnu.edu.tw:443)
[Sun Sep 11 15:40:42.910072 2022] [ssl:info] [pid 1433:tid 140660430558784] [client 139.59.159.130:36610] AH01964: Connection to child 15 established (server ip134.puli27.ncnu.edu.tw:443)
[Sun Sep 11 15:40:42.911704 2022] [ssl:info] [pid 1434:tid 140660447344192] [client 139.59.159.130:36614] AH01964: Connection to child 77 established (server ip134.puli27.ncnu.edu.tw:443)
[Sun Sep 11 15:40:42.912973 2022] [ssl:info] [pid 1434:tid 140660438951488] [client 139.59.159.130:36612] AH01964: Connection to child 78 established (server ip134.puli27.ncnu.edu.tw:443)
[Sun Sep 11 15:40:42.914065 2022] [ssl:info] [pid 1434:tid 140660422166080] [client 139.59.159.130:36618] AH01964: Connection to child 80 established (server ip134.puli27.ncnu.edu.tw:443)
[Sun Sep 11 15:56:00.474939 2022] [ssl:info] [pid 1434:tid 140660363417152] [client 179.60.149.55:64419] AH01964: Connection to child 87 established (server ip134.puli27.ncnu.edu.tw:443)
[Sun Sep 11 15:56:00.475351 2022] [ssl:info] [pid 1434:tid 140660363417152] (os 0x17fbed00)Unrecognized resolver error: [client 179.60.149.55:64419] AH02008: SSL library error 1 in handshake (server ip134.puli27.ncnu.edu.tw:443)
[Sun Sep 11 15:56:00.475404 2022] [ssl:info] [pid 1434:tid 140660363417152] SSL Library Error: error:0A00010B:SSL routines::wrong version number
[Sun Sep 11 15:56:00.475424 2022] [ssl:info] [pid 1434:tid 140660363417152] [client 179.60.149.55:64419] AH01998: Connection closed to child 87 with abortive shutdown (server ip134.puli27.ncnu.edu.tw:443)
[Sun Sep 11 16:07:02.891122 2022] [ssl:info] [pid 1434:tid 140660355024448] [client 43.131.66.209:22634] AH01964: Connection to child 88 established (server ip134.puli27.ncnu.edu.tw:443)
[Sun Sep 11 16:07:08.148706 2022] [ssl:info] [pid 1434:tid 140660355024448] [client 43.131.66.209:22634] AH01998: Connection closed to child 88 with abortive shutdown (server ip134.puli27.ncnu.edu.tw:443)
[Sun Sep 11 16:07:18.397067 2022] [ssl:info] [pid 1434:tid 140660624672320] [client 43.131.66.209:51898] AH01964: Connection to child 64 established (server ip134.puli27.ncnu.edu.tw:443)
[Sun Sep 11 16:07:18.397470 2022] [ssl:info] [pid 1434:tid 140660624672320] [client 43.131.66.209:51898] AH01996: SSL handshake failed: HTTP spoken on HTTPS port; trying to send HTML error page
[Sun Sep 11 16:07:18.397514 2022] [ssl:info] [pid 1434:tid 140660624672320] SSL Library Error: error:0A00009C:SSL routines::http request
[Sun Sep 11 16:07:18.897339 2022] [ssl:info] [pid 1433:tid 140660616279616] [client 43.131.66.209:51908] AH01964: Connection to child 1 established (server ip134.puli27.ncnu.edu.tw:443)
[Sun Sep 11 16:07:29.434762 2022] [ssl:info] [pid 1434:tid 140660607886912] [client 209.141.34.187:35100] AH01964: Connection to child 66 established (server ip134.puli27.ncnu.edu.tw:443)
[Sun Sep 11 16:07:30.977444 2022] [ssl:info] [pid 1434:tid 140660599494208] [client 8.45.47.67:30538] AH01964: Connection to child 67 established (server ip134.puli27.ncnu.edu.tw:443)
[Sun Sep 11 16:07:35.012908 2022] [ssl:info] [pid 1434:tid 140660497700416] [client 205.185.116.25:17622] AH01964: Connection to child 71 established (server ip134.puli27.ncnu.edu.tw:443)
[Sun Sep 11 16:07:44.810076 2022] [ssl:info] [pid 1434:tid 140660472522304] [client 211.95.50.4:10442] AH01964: Connection to child 74 established (server ip134.puli27.ncnu.edu.tw:443)
[Sun Sep 11 16:07:44.810491 2022] [ssl:info] [pid 1434:tid 140660472522304] [client 211.95.50.4:10442] AH02008: SSL library error 1 in handshake (server ip134.puli27.ncnu.edu.tw:443)
[Sun Sep 11 16:07:44.810536 2022] [ssl:info] [pid 1434:tid 140660472522304] SSL Library Error: error:0A00010B:SSL routines::wrong version number
[Sun Sep 11 16:07:44.810557 2022] [ssl:info] [pid 1434:tid 140660472522304] [client 211.95.50.4:10442] AH01998: Connection closed to child 74 with abortive shutdown (server ip134.puli27.ncnu.edu.tw:443)
[Sun Sep 11 16:07:49.928960 2022] [ssl:info] [pid 1433:tid 140660371809856] [client 205.185.116.89:52110] AH01964: Connection to child 22 established (server ip134.puli27.ncnu.edu.tw:443)
[Sun Sep 11 16:07:53.659408 2022] [ssl:info] [pid 1434:tid 140660489307712] [client 209.141.36.112:10538] AH01964: Connection to child 72 established (server ip134.puli27.ncnu.edu.tw:443)
[Sun Sep 11 16:07:54.023864 2022] [wsgi:error] [pid 1432:tid 140660515567168] [remote 209.141.36.112:10538] Invalid HTTP_HOST header: 'chyshu.ddns.net'. You may need to add 'chyshu.ddns.net' to ALLOWED_HOSTS.
[Sun Sep 11 16:07:54.023930 2022] [wsgi:error] [pid 1432:tid 140660515567168] [remote 209.141.36.112:10538] Traceback (most recent call last):
[Sun Sep 11 16:07:54.023948 2022] [wsgi:error] [pid 1432:tid 140660515567168] [remote 209.141.36.112:10538]   File "/home/chyshu/newproject/venv/lib/python3.10/site-packages/django/core/handlers/exception.py", line 55, in inner
[Sun Sep 11 16:07:54.023964 2022] [wsgi:error] [pid 1432:tid 140660515567168] [remote 209.141.36.112:10538]     response = get_response(request)
[Sun Sep 11 16:07:54.023978 2022] [wsgi:error] [pid 1432:tid 140660515567168] [remote 209.141.36.112:10538]   File "/home/chyshu/newproject/venv/lib/python3.10/site-packages/django/utils/deprecation.py", line 135, in __call__
[Sun Sep 11 16:07:54.023993 2022] [wsgi:error] [pid 1432:tid 140660515567168] [remote 209.141.36.112:10538]     response = self.process_request(request)
[Sun Sep 11 16:07:54.024008 2022] [wsgi:error] [pid 1432:tid 140660515567168] [remote 209.141.36.112:10538]   File "/home/chyshu/newproject/venv/lib/python3.10/site-packages/django/middleware/common.py", line 48, in process_request
[Sun Sep 11 16:07:54.024023 2022] [wsgi:error] [pid 1432:tid 140660515567168] [remote 209.141.36.112:10538]     host = request.get_host()
[Sun Sep 11 16:07:54.024037 2022] [wsgi:error] [pid 1432:tid 140660515567168] [remote 209.141.36.112:10538]   File "/home/chyshu/newproject/venv/lib/python3.10/site-packages/django/http/request.py", line 148, in get_host
[Sun Sep 11 16:07:54.024051 2022] [wsgi:error] [pid 1432:tid 140660515567168] [remote 209.141.36.112:10538]     raise DisallowedHost(msg)
[Sun Sep 11 16:07:54.024066 2022] [wsgi:error] [pid 1432:tid 140660515567168] [remote 209.141.36.112:10538] django.core.exceptions.DisallowedHost: Invalid HTTP_HOST header: 'chyshu.ddns.net'. You may need to add 'chyshu.ddns.net' to ALLOWED_HOSTS.
[Sun Sep 11 16:07:54.024219 2022] [wsgi:error] [pid 1432:tid 140660515567168] [remote 209.141.36.112:10538] ERROR in exception: Invalid HTTP_HOST header: 'chyshu.ddns.net'. You may need to add 'chyshu.ddns.net' to ALLOWED_HOSTS.
[Sun Sep 11 16:07:54.024245 2022] [wsgi:error] [pid 1432:tid 140660515567168] [remote 209.141.36.112:10538] Traceback (most recent call last):
[Sun Sep 11 16:07:54.024259 2022] [wsgi:error] [pid 1432:tid 140660515567168] [remote 209.141.36.112:10538]   File "/home/chyshu/newproject/venv/lib/python3.10/site-packages/django/core/handlers/exception.py", line 55, in inner
[Sun Sep 11 16:07:54.024273 2022] [wsgi:error] [pid 1432:tid 140660515567168] [remote 209.141.36.112:10538]     response = get_response(request)
[Sun Sep 11 16:07:54.024287 2022] [wsgi:error] [pid 1432:tid 140660515567168] [remote 209.141.36.112:10538]   File "/home/chyshu/newproject/venv/lib/python3.10/site-packages/django/utils/deprecation.py", line 135, in __call__
[Sun Sep 11 16:07:54.024301 2022] [wsgi:error] [pid 1432:tid 140660515567168] [remote 209.141.36.112:10538]     response = self.process_request(request)
[Sun Sep 11 16:07:54.024316 2022] [wsgi:error] [pid 1432:tid 140660515567168] [remote 209.141.36.112:10538]   File "/home/chyshu/newproject/venv/lib/python3.10/site-packages/django/middleware/common.py", line 48, in process_request
[Sun Sep 11 16:07:54.024330 2022] [wsgi:error] [pid 1432:tid 140660515567168] [remote 209.141.36.112:10538]     host = request.get_host()
[Sun Sep 11 16:07:54.024343 2022] [wsgi:error] [pid 1432:tid 140660515567168] [remote 209.141.36.112:10538]   File "/home/chyshu/newproject/venv/lib/python3.10/site-packages/django/http/request.py", line 148, in get_host
[Sun Sep 11 16:07:54.024358 2022] [wsgi:error] [pid 1432:tid 140660515567168] [remote 209.141.36.112:10538]     raise DisallowedHost(msg)
[Sun Sep 11 16:07:54.024371 2022] [wsgi:error] [pid 1432:tid 140660515567168] [remote 209.141.36.112:10538] django.core.exceptions.DisallowedHost: Invalid HTTP_HOST header: 'chyshu.ddns.net'. You may need to add 'chyshu.ddns.net' to ALLOWED_HOSTS.
[Sun Sep 11 16:07:54.700141 2022] [ssl:info] [pid 1433:tid 140660355024448] [client 205.185.116.89:55392] AH01964: Connection to child 24 established (server ip134.puli27.ncnu.edu.tw:443)
[Sun Sep 11 16:07:54.978004 2022] [ssl:info] [pid 1434:tid 140660514485824] [client 209.141.36.231:20814] AH01964: Connection to child 69 established (server ip134.puli27.ncnu.edu.tw:443)
[Sun Sep 11 16:07:55.355851 2022] [wsgi:error] [pid 1432:tid 140660515567168] [remote 209.141.36.231:20814] Invalid HTTP_HOST header: 'chyshu.ddns.net'. You may need to add 'chyshu.ddns.net' to ALLOWED_HOSTS.
[Sun Sep 11 16:07:55.355919 2022] [wsgi:error] [pid 1432:tid 140660515567168] [remote 209.141.36.231:20814] Traceback (most recent call last):
[Sun Sep 11 16:07:55.355936 2022] [wsgi:error] [pid 1432:tid 140660515567168] [remote 209.141.36.231:20814]   File "/home/chyshu/newproject/venv/lib/python3.10/site-packages/django/core/handlers/exception.py", line 55, in inner
[Sun Sep 11 16:07:55.355952 2022] [wsgi:error] [pid 1432:tid 140660515567168] [remote 209.141.36.231:20814]     response = get_response(request)
[Sun Sep 11 16:07:55.355967 2022] [wsgi:error] [pid 1432:tid 140660515567168] [remote 209.141.36.231:20814]   File "/home/chyshu/newproject/venv/lib/python3.10/site-packages/django/utils/deprecation.py", line 135, in __call__
[Sun Sep 11 16:07:55.355982 2022] [wsgi:error] [pid 1432:tid 140660515567168] [remote 209.141.36.231:20814]     response = self.process_request(request)
[Sun Sep 11 16:07:55.355996 2022] [wsgi:error] [pid 1432:tid 140660515567168] [remote 209.141.36.231:20814]   File "/home/chyshu/newproject/venv/lib/python3.10/site-packages/django/middleware/common.py", line 48, in process_request
[Sun Sep 11 16:07:55.356010 2022] [wsgi:error] [pid 1432:tid 140660515567168] [remote 209.141.36.231:20814]     host = request.get_host()
[Sun Sep 11 16:07:55.356024 2022] [wsgi:error] [pid 1432:tid 140660515567168] [remote 209.141.36.231:20814]   File "/home/chyshu/newproject/venv/lib/python3.10/site-packages/django/http/request.py", line 148, in get_host
[Sun Sep 11 16:07:55.356038 2022] [wsgi:error] [pid 1432:tid 140660515567168] [remote 209.141.36.231:20814]     raise DisallowedHost(msg)
[Sun Sep 11 16:07:55.356052 2022] [wsgi:error] [pid 1432:tid 140660515567168] [remote 209.141.36.231:20814] django.core.exceptions.DisallowedHost: Invalid HTTP_HOST header: 'chyshu.ddns.net'. You may need to add 'chyshu.ddns.net' to ALLOWED_HOSTS.
[Sun Sep 11 16:07:55.356202 2022] [wsgi:error] [pid 1432:tid 140660515567168] [remote 209.141.36.231:20814] ERROR in exception: Invalid HTTP_HOST header: 'chyshu.ddns.net'. You may need to add 'chyshu.ddns.net' to ALLOWED_HOSTS.
[Sun Sep 11 16:07:55.356228 2022] [wsgi:error] [pid 1432:tid 140660515567168] [remote 209.141.36.231:20814] Traceback (most recent call last):
[Sun Sep 11 16:07:55.356242 2022] [wsgi:error] [pid 1432:tid 140660515567168] [remote 209.141.36.231:20814]   File "/home/chyshu/newproject/venv/lib/python3.10/site-packages/django/core/handlers/exception.py", line 55, in inner
[Sun Sep 11 16:07:55.356257 2022] [wsgi:error] [pid 1432:tid 140660515567168] [remote 209.141.36.231:20814]     response = get_response(request)
[Sun Sep 11 16:07:55.356271 2022] [wsgi:error] [pid 1432:tid 140660515567168] [remote 209.141.36.231:20814]   File "/home/chyshu/newproject/venv/lib/python3.10/site-packages/django/utils/deprecation.py", line 135, in __call__
[Sun Sep 11 16:07:55.356286 2022] [wsgi:error] [pid 1432:tid 140660515567168] [remote 209.141.36.231:20814]     response = self.process_request(request)
[Sun Sep 11 16:07:55.356300 2022] [wsgi:error] [pid 1432:tid 140660515567168] [remote 209.141.36.231:20814]   File "/home/chyshu/newproject/venv/lib/python3.10/site-packages/django/middleware/common.py", line 48, in process_request
[Sun Sep 11 16:07:55.356314 2022] [wsgi:error] [pid 1432:tid 140660515567168] [remote 209.141.36.231:20814]     host = request.get_host()
[Sun Sep 11 16:07:55.356353 2022] [wsgi:error] [pid 1432:tid 140660515567168] [remote 209.141.36.231:20814]   File "/home/chyshu/newproject/venv/lib/python3.10/site-packages/django/http/request.py", line 148, in get_host
[Sun Sep 11 16:07:55.356369 2022] [wsgi:error] [pid 1432:tid 140660515567168] [remote 209.141.36.231:20814]     raise DisallowedHost(msg)
[Sun Sep 11 16:07:55.356383 2022] [wsgi:error] [pid 1432:tid 140660515567168] [remote 209.141.36.231:20814] django.core.exceptions.DisallowedHost: Invalid HTTP_HOST header: 'chyshu.ddns.net'. You may need to add 'chyshu.ddns.net' to ALLOWED_HOSTS.
[Sun Sep 11 16:24:29.903195 2022] [ssl:info] [pid 1434:tid 140660591101504] [client 167.94.138.62:53760] AH01964: Connection to child 68 established (server ip134.puli27.ncnu.edu.tw:443)
[Sun Sep 11 16:24:31.575665 2022] [ssl:info] [pid 1433:tid 140660506093120] [client 167.94.138.62:34242] AH01964: Connection to child 6 established (server ip134.puli27.ncnu.edu.tw:443)
[Sun Sep 11 16:24:32.237774 2022] [ssl:info] [pid 1434:tid 140660455736896] [client 167.94.138.62:49170] AH01964: Connection to child 76 established (server ip134.puli27.ncnu.edu.tw:443)
[Sun Sep 11 16:24:32.467851 2022] [ssl:info] [pid 1434:tid 140660455736896] [client 167.94.138.62:49170] AH02008: SSL library error 1 in handshake (server ip134.puli27.ncnu.edu.tw:443)
[Sun Sep 11 16:24:32.467911 2022] [ssl:info] [pid 1434:tid 140660455736896] SSL Library Error: error:0A000456:SSL routines::tlsv1 unsupported extension (SSL alert number 110)
[Sun Sep 11 16:24:32.467933 2022] [ssl:info] [pid 1434:tid 140660455736896] [client 167.94.138.62:49170] AH01998: Connection closed to child 76 with abortive shutdown (server ip134.puli27.ncnu.edu.tw:443)
[Sun Sep 11 16:24:32.686219 2022] [ssl:info] [pid 1434:tid 140660438951488] [client 167.94.138.62:59146] AH01964: Connection to child 78 established (server ip134.puli27.ncnu.edu.tw:443)
[Sun Sep 11 16:59:07.708808 2022] [ssl:info] [pid 1434:tid 140660430558784] [client 152.89.196.211:45724] AH01964: Connection to child 79 established (server ip134.puli27.ncnu.edu.tw:443)
[Sun Sep 11 17:12:37.920758 2022] [ssl:info] [pid 1433:tid 140660599494208] [client 116.203.249.165:57504] AH01964: Connection to child 3 established (server ip134.puli27.ncnu.edu.tw:443)
[Sun Sep 11 17:12:38.575108 2022] [ssl:info] [pid 1433:tid 140660480915008] (70014)End of file found: [client 116.203.249.165:57504] AH01992: SSL library error 1 reading data
[Sun Sep 11 17:12:38.575174 2022] [ssl:info] [pid 1433:tid 140660480915008] SSL Library Error: error:0A000126:SSL routines::unexpected eof while reading
[Sun Sep 11 17:12:38.575233 2022] [ssl:info] [pid 1433:tid 140660480915008] [client 116.203.249.165:57504] AH01998: Connection closed to child 9 with abortive shutdown (server ip134.puli27.ncnu.edu.tw:443)
[Sun Sep 11 17:23:59.121529 2022] [ssl:info] [pid 1434:tid 140660380202560] [client 172.104.242.173:44385] AH01964: Connection to child 85 established (server ip134.puli27.ncnu.edu.tw:443)
[Sun Sep 11 17:23:59.121925 2022] [ssl:info] [pid 1434:tid 140660380202560] [client 172.104.242.173:44385] AH01996: SSL handshake failed: HTTP spoken on HTTPS port; trying to send HTML error page
[Sun Sep 11 17:23:59.122002 2022] [ssl:info] [pid 1434:tid 140660380202560] SSL Library Error: error:0A00009C:SSL routines::http request
[Sun Sep 11 17:30:32.379366 2022] [ssl:info] [pid 1434:tid 140660624672320] [client 198.235.24.24:55587] AH01964: Connection to child 64 established (server ip134.puli27.ncnu.edu.tw:443)
[Sun Sep 11 17:39:00.004258 2022] [ssl:info] [pid 1434:tid 140660464129600] [client 147.92.149.165:49592] AH01964: Connection to child 75 established (server ip134.puli27.ncnu.edu.tw:443)
[Sun Sep 11 17:39:00.155773 2022] [wsgi:error] [pid 1432:tid 140660557530688] [remote 147.92.149.165:49592] INFO in views: webhook
[Sun Sep 11 17:39:00.156136 2022] [wsgi:error] [pid 1432:tid 140660557530688] [remote 147.92.149.165:49592] INFO in views: =webook==09-11 17391662889140
[Sun Sep 11 17:39:00.156594 2022] [wsgi:error] [pid 1432:tid 140660557530688] [remote 147.92.149.165:49592] INFO in views: {"destination":"Ufbf396b0e828e31663dcfb22f429968d","events":[{"type":"postback","postback":{"data":"action=praymenu"},"webhookEventId":"01GCNYN7EGQ5CNGF55DQ7S48PY","deliveryContext":{"isRedelivery":false},"timestamp":1662889139161,"source":{"type":"user","userId":"Ud9725fe9fdc407ae99b4e0c2369338db"},"replyToken":"ecf046542b4045729c6aa073108c413e","mode":"active"}]}
[Sun Sep 11 17:39:00.224168 2022] [wsgi:error] [pid 1432:tid 140660557530688] [remote 147.92.149.165:49592] INFO in views: posback
[Sun Sep 11 17:39:00.226187 2022] [wsgi:error] [pid 1432:tid 140660557530688] [remote 147.92.149.165:49592] INFO in utils: get_contactbase Ud9725fe9fdc407ae99b4e0c2369338db
[Sun Sep 11 17:39:00.231261 2022] [wsgi:error] [pid 1432:tid 140660557530688] [remote 147.92.149.165:49592] INFO in utils: profile:Ud9725fe9fdc407ae99b4e0c2369338db John Chen(\xe9\x99\xb3\xe5\xb1\x95\xe7\x91\x8b)
[Sun Sep 11 17:39:00.236427 2022] [wsgi:error] [pid 1432:tid 140660557530688] [remote 147.92.149.165:49592] INFO in views: praymenu
[Sun Sep 11 17:39:00.761797 2022] [wsgi:error] [pid 1432:tid 140660557530688] [remote 147.92.149.165:49592] INFO in views: post 200
[Sun Sep 11 17:39:01.370133 2022] [ssl:info] [pid 1434:tid 140660591101504] [client 147.92.149.169:34558] AH01964: Connection to child 68 established (server ip134.puli27.ncnu.edu.tw:443)
[Sun Sep 11 17:39:01.515963 2022] [wsgi:error] [pid 1432:tid 140660523959872] [remote 147.92.149.169:34558] INFO in views: webhook
[Sun Sep 11 17:39:01.516355 2022] [wsgi:error] [pid 1432:tid 140660523959872] [remote 147.92.149.169:34558] INFO in views: =webook==09-11 17391662889141
[Sun Sep 11 17:39:01.516826 2022] [wsgi:error] [pid 1432:tid 140660523959872] [remote 147.92.149.169:34558] INFO in views: {"destination":"Ufbf396b0e828e31663dcfb22f429968d","events":[{"type":"postback","postback":{"data":"action=worshipMenu"},"webhookEventId":"01GCNYN8TXNHGXZFEVSRD8Q86F","deliveryContext":{"isRedelivery":false},"timestamp":1662889140899,"source":{"type":"user","userId":"U6047d2d3f06f9bbf578db6a7de29808c"},"replyToken":"4c4c59c55e194c34949c3412d90ee4e1","mode":"active"}]}
[Sun Sep 11 17:39:01.586355 2022] [wsgi:error] [pid 1432:tid 140660523959872] [remote 147.92.149.169:34558] INFO in views: posback
[Sun Sep 11 17:39:01.588766 2022] [wsgi:error] [pid 1432:tid 140660523959872] [remote 147.92.149.169:34558] INFO in utils: get_contactbase U6047d2d3f06f9bbf578db6a7de29808c
[Sun Sep 11 17:39:01.594110 2022] [wsgi:error] [pid 1432:tid 140660523959872] [remote 147.92.149.169:34558] INFO in utils: profile:U6047d2d3f06f9bbf578db6a7de29808c Joyce \xe8\xb2\x9e
[Sun Sep 11 17:39:01.599261 2022] [wsgi:error] [pid 1432:tid 140660523959872] [remote 147.92.149.169:34558] INFO in views: worshipMenu
[Sun Sep 11 17:39:01.603002 2022] [wsgi:error] [pid 1432:tid 140660523959872] [remote 147.92.149.169:34558] 2022-09-11
[Sun Sep 11 17:39:01.604907 2022] [wsgi:error] [pid 1432:tid 140660523959872] [remote 147.92.149.169:34558] 2022-09-04
[Sun Sep 11 17:39:01.606412 2022] [wsgi:error] [pid 1432:tid 140660523959872] [remote 147.92.149.169:34558] 2022-08-28
[Sun Sep 11 17:39:01.607631 2022] [wsgi:error] [pid 1432:tid 140660523959872] [remote 147.92.149.169:34558] 2022-08-21
[Sun Sep 11 17:39:01.962538 2022] [wsgi:error] [pid 1432:tid 140660523959872] [remote 147.92.149.169:34558] INFO in views: post 200
[Sun Sep 11 17:39:07.412493 2022] [ssl:info] [pid 1433:tid 140660438951488] [client 147.92.149.165:50048] AH01964: Connection to child 14 established (server ip134.puli27.ncnu.edu.tw:443)
[Sun Sep 11 17:39:07.570250 2022] [wsgi:error] [pid 1432:tid 140660557530688] [remote 147.92.149.165:50048] INFO in views: webhook
[Sun Sep 11 17:39:07.570599 2022] [wsgi:error] [pid 1432:tid 140660557530688] [remote 147.92.149.165:50048] INFO in views: =webook==09-11 17391662889147
[Sun Sep 11 17:39:07.571061 2022] [wsgi:error] [pid 1432:tid 140660557530688] [remote 147.92.149.165:50048] INFO in views: {"destination":"Ufbf396b0e828e31663dcfb22f429968d","events":[{"type":"postback","postback":{"data":"action=worshipMenu"},"webhookEventId":"01GCNYNEN0CV3E07TKHRQ4KBJ2","deliveryContext":{"isRedelivery":false},"timestamp":1662889146538,"source":{"type":"user","userId":"Ud9725fe9fdc407ae99b4e0c2369338db"},"replyToken":"e9ca452e534e488896e0758691f49cd3","mode":"active"}]}
[Sun Sep 11 17:39:07.639340 2022] [wsgi:error] [pid 1432:tid 140660557530688] [remote 147.92.149.165:50048] INFO in views: posback
[Sun Sep 11 17:39:07.641206 2022] [wsgi:error] [pid 1432:tid 140660557530688] [remote 147.92.149.165:50048] INFO in utils: get_contactbase Ud9725fe9fdc407ae99b4e0c2369338db
[Sun Sep 11 17:39:07.646255 2022] [wsgi:error] [pid 1432:tid 140660557530688] [remote 147.92.149.165:50048] INFO in utils: profile:Ud9725fe9fdc407ae99b4e0c2369338db John Chen(\xe9\x99\xb3\xe5\xb1\x95\xe7\x91\x8b)
[Sun Sep 11 17:39:07.651484 2022] [wsgi:error] [pid 1432:tid 140660557530688] [remote 147.92.149.165:50048] INFO in views: worshipMenu
[Sun Sep 11 17:39:07.655067 2022] [wsgi:error] [pid 1432:tid 140660557530688] [remote 147.92.149.165:50048] 2022-09-11
[Sun Sep 11 17:39:07.656930 2022] [wsgi:error] [pid 1432:tid 140660557530688] [remote 147.92.149.165:50048] 2022-09-04
[Sun Sep 11 17:39:07.658102 2022] [wsgi:error] [pid 1432:tid 140660557530688] [remote 147.92.149.165:50048] 2022-08-28
[Sun Sep 11 17:39:07.659258 2022] [wsgi:error] [pid 1432:tid 140660557530688] [remote 147.92.149.165:50048] 2022-08-21
[Sun Sep 11 17:39:08.052584 2022] [wsgi:error] [pid 1432:tid 140660557530688] [remote 147.92.149.165:50048] INFO in views: post 200
[Sun Sep 11 17:39:11.789014 2022] [ssl:info] [pid 1434:tid 140660438951488] [client 147.92.149.169:35306] AH01964: Connection to child 78 established (server ip134.puli27.ncnu.edu.tw:443)
[Sun Sep 11 17:39:11.940503 2022] [wsgi:error] [pid 1432:tid 140660523959872] [remote 147.92.149.169:35306] INFO in views: webhook
[Sun Sep 11 17:39:11.940899 2022] [wsgi:error] [pid 1432:tid 140660523959872] [remote 147.92.149.169:35306] INFO in views: =webook==09-11 17391662889151
[Sun Sep 11 17:39:11.941360 2022] [wsgi:error] [pid 1432:tid 140660523959872] [remote 147.92.149.169:35306] INFO in views: {"destination":"Ufbf396b0e828e31663dcfb22f429968d","events":[{"type":"postback","postback":{"data":"action=worship_groupsmenu&cid=EE2C6876-6906-E811-80E9-00155D00640B"},"webhookEventId":"01GCNYNJVJMVY8JMS7DN9QX9HB","deliveryContext":{"isRedelivery":false},"timestamp":1662889150913,"source":{"type":"user","userId":"U6047d2d3f06f9bbf578db6a7de29808c"},"replyToken":"c538a8036288440fbd6711931dd93e2f","mode":"active"}]}
[Sun Sep 11 17:39:12.008448 2022] [wsgi:error] [pid 1432:tid 140660523959872] [remote 147.92.149.169:35306] INFO in views: posback
[Sun Sep 11 17:39:12.010306 2022] [wsgi:error] [pid 1432:tid 140660523959872] [remote 147.92.149.169:35306] INFO in utils: get_contactbase U6047d2d3f06f9bbf578db6a7de29808c
[Sun Sep 11 17:39:12.015211 2022] [wsgi:error] [pid 1432:tid 140660523959872] [remote 147.92.149.169:35306] INFO in utils: profile:U6047d2d3f06f9bbf578db6a7de29808c Joyce \xe8\xb2\x9e
[Sun Sep 11 17:39:12.020301 2022] [wsgi:error] [pid 1432:tid 140660523959872] [remote 147.92.149.169:35306] INFO in views: worship_groupsmenu
[Sun Sep 11 17:39:12.355854 2022] [wsgi:error] [pid 1432:tid 140660523959872] [remote 147.92.149.169:35306] INFO in views: post 200
[Sun Sep 11 17:39:13.403240 2022] [ssl:info] [pid 1434:tid 140660422166080] [client 147.92.149.165:50436] AH01964: Connection to child 80 established (server ip134.puli27.ncnu.edu.tw:443)
[Sun Sep 11 17:39:13.553772 2022] [wsgi:error] [pid 1432:tid 140660557530688] [remote 147.92.149.165:50436] INFO in views: webhook
[Sun Sep 11 17:39:13.554305 2022] [wsgi:error] [pid 1432:tid 140660557530688] [remote 147.92.149.165:50436] INFO in views: =webook==09-11 17391662889153
[Sun Sep 11 17:39:13.554640 2022] [wsgi:error] [pid 1432:tid 140660557530688] [remote 147.92.149.165:50436] INFO in views: {"destination":"Ufbf396b0e828e31663dcfb22f429968d","events":[{"type":"postback","postback":{"data":"action=groupshipMenu"},"webhookEventId":"01GCNYNMHVX1EKM3SWP07ZJ5R1","deliveryContext":{"isRedelivery":false},"timestamp":1662889152601,"source":{"type":"user","userId":"Ud9725fe9fdc407ae99b4e0c2369338db"},"replyToken":"6edcb207f7ca47749680f5ea944a9ab3","mode":"active"}]}
[Sun Sep 11 17:39:13.623572 2022] [wsgi:error] [pid 1432:tid 140660557530688] [remote 147.92.149.165:50436] INFO in views: posback
[Sun Sep 11 17:39:13.625483 2022] [wsgi:error] [pid 1432:tid 140660557530688] [remote 147.92.149.165:50436] INFO in utils: get_contactbase Ud9725fe9fdc407ae99b4e0c2369338db
[Sun Sep 11 17:39:13.630564 2022] [wsgi:error] [pid 1432:tid 140660557530688] [remote 147.92.149.165:50436] INFO in utils: profile:Ud9725fe9fdc407ae99b4e0c2369338db John Chen(\xe9\x99\xb3\xe5\xb1\x95\xe7\x91\x8b)
[Sun Sep 11 17:39:13.635893 2022] [wsgi:error] [pid 1432:tid 140660557530688] [remote 147.92.149.165:50436] INFO in views: groupshipMenu
[Sun Sep 11 17:39:13.969721 2022] [wsgi:error] [pid 1432:tid 140660557530688] [remote 147.92.149.165:50436] INFO in views: post 200
[Sun Sep 11 17:39:16.995637 2022] [ssl:info] [pid 1433:tid 140660413773376] [client 114.136.235.60:59188] AH01964: Connection to child 17 established (server ip134.puli27.ncnu.edu.tw:443)
[Sun Sep 11 17:39:18.406478 2022] [ssl:info] [pid 1434:tid 140660430558784] [client 114.136.235.60:59202] AH01964: Connection to child 79 established (server ip134.puli27.ncnu.edu.tw:443)
[Sun Sep 11 17:39:20.442074 2022] [ssl:info] [pid 1434:tid 140660405380672] [client 147.92.149.165:50874] AH01964: Connection to child 82 established (server ip134.puli27.ncnu.edu.tw:443)
[Sun Sep 11 17:39:20.592275 2022] [wsgi:error] [pid 1432:tid 140660557530688] [remote 147.92.149.165:50874] INFO in views: webhook
[Sun Sep 11 17:39:20.592638 2022] [wsgi:error] [pid 1432:tid 140660557530688] [remote 147.92.149.165:50874] INFO in views: =webook==09-11 17391662889160
[Sun Sep 11 17:39:20.593096 2022] [wsgi:error] [pid 1432:tid 140660557530688] [remote 147.92.149.165:50874] INFO in views: {"destination":"Ufbf396b0e828e31663dcfb22f429968d","events":[{"type":"postback","postback":{"data":"action=selectgroup&listid=18B92D2E-3306-E811-80E8-00155D00640B&cid=F02C6876-6906-E811-80E9-00155D00640B&sender=personal"},"webhookEventId":"01GCNYNVD78WG60EWK6H5ATFCA","deliveryContext":{"isRedelivery":false},"timestamp":1662889159860,"source":{"type":"user","userId":"Ud9725fe9fdc407ae99b4e0c2369338db"},"replyToken":"65c776d835c94643826a4c651bf9db77","mode":"active"}]}
[Sun Sep 11 17:39:20.661109 2022] [wsgi:error] [pid 1432:tid 140660557530688] [remote 147.92.149.165:50874] INFO in views: posback
[Sun Sep 11 17:39:20.662989 2022] [wsgi:error] [pid 1432:tid 140660557530688] [remote 147.92.149.165:50874] INFO in utils: get_contactbase Ud9725fe9fdc407ae99b4e0c2369338db
[Sun Sep 11 17:39:20.668067 2022] [wsgi:error] [pid 1432:tid 140660557530688] [remote 147.92.149.165:50874] INFO in utils: profile:Ud9725fe9fdc407ae99b4e0c2369338db John Chen(\xe9\x99\xb3\xe5\xb1\x95\xe7\x91\x8b)
[Sun Sep 11 17:39:20.673142 2022] [wsgi:error] [pid 1432:tid 140660557530688] [remote 147.92.149.165:50874] INFO in views: selectgroup
[Sun Sep 11 17:39:20.673406 2022] [wsgi:error] [pid 1432:tid 140660557530688] [remote 147.92.149.165:50874] INFO in utils: contactbaseByContactidF02C6876-6906-E811-80E9-00155D00640B
[Sun Sep 11 17:39:20.678264 2022] [wsgi:error] [pid 1432:tid 140660557530688] [remote 147.92.149.165:50874] INFO in utils: <lineBotApp.classes.Member object at 0x7fee0bbaff10>
[Sun Sep 11 17:39:20.997964 2022] [wsgi:error] [pid 1432:tid 140660557530688] [remote 147.92.149.165:50874] INFO in views: post 200
[Sun Sep 11 17:39:27.442356 2022] [wsgi:error] [pid 1432:tid 140660523959872] [remote 114.136.235.60:59202] {"contactid":"EE2C6876-6906-E811-80E9-00155D00640B","listid":"18B92D2E-3306-E811-80E8-00155D00640B","datakey":"EE2C6876-6906-E811-80E9-00155D00640B","worshipdate":"2022-09-11","session":"\xe7\xac\xac\xe4\xba\x8c\xe5\xa0\x82","attended":"N"}
[Sun Sep 11 17:39:28.912339 2022] [wsgi:error] [pid 1432:tid 140660557530688] [remote 114.136.235.60:59202] {"contactid":"EE2C6876-6906-E811-80E9-00155D00640B","listid":"18B92D2E-3306-E811-80E8-00155D00640B","datakey":"F02C6876-6906-E811-80E9-00155D00640B","worshipdate":"2022-09-11","session":"\xe7\xac\xac\xe4\xba\x8c\xe5\xa0\x82","attended":"N"}
[Sun Sep 11 17:39:30.004255 2022] [ssl:info] [pid 1434:tid 140660380202560] [client 147.92.149.165:51488] AH01964: Connection to child 85 established (server ip134.puli27.ncnu.edu.tw:443)
[Sun Sep 11 17:39:30.148247 2022] [wsgi:error] [pid 1432:tid 140660523959872] [remote 147.92.149.165:51488] INFO in views: webhook
[Sun Sep 11 17:39:30.148619 2022] [wsgi:error] [pid 1432:tid 140660523959872] [remote 147.92.149.165:51488] INFO in views: =webook==09-11 17391662889170
[Sun Sep 11 17:39:30.149079 2022] [wsgi:error] [pid 1432:tid 140660523959872] [remote 147.92.149.165:51488] INFO in views: {"destination":"Ufbf396b0e828e31663dcfb22f429968d","events":[{"type":"postback","postback":{"data":"action=selectgroupdate&cid=F02C6876-6906-E811-80E9-00155D00640B&listid=18B92D2E-3306-E811-80E8-00155D00640B&sender=personal","params":{"date":"2022-09-11"}},"webhookEventId":"01GCNYP4SVEN8RG9SYD1QBAGAE","deliveryContext":{"isRedelivery":false},"timestamp":1662889169219,"source":{"type":"user","userId":"Ud9725fe9fdc407ae99b4e0c2369338db"},"replyToken":"658bce4aeb3648f8829ad4a03661591a","mode":"active"}]}
[Sun Sep 11 17:39:30.217452 2022] [wsgi:error] [pid 1432:tid 140660523959872] [remote 147.92.149.165:51488] INFO in views: posback
[Sun Sep 11 17:39:30.219323 2022] [wsgi:error] [pid 1432:tid 140660523959872] [remote 147.92.149.165:51488] INFO in utils: get_contactbase Ud9725fe9fdc407ae99b4e0c2369338db
[Sun Sep 11 17:39:30.224391 2022] [wsgi:error] [pid 1432:tid 140660523959872] [remote 147.92.149.165:51488] INFO in utils: profile:Ud9725fe9fdc407ae99b4e0c2369338db John Chen(\xe9\x99\xb3\xe5\xb1\x95\xe7\x91\x8b)
[Sun Sep 11 17:39:30.229676 2022] [wsgi:error] [pid 1432:tid 140660523959872] [remote 147.92.149.165:51488] INFO in views: selectgroupdate
[Sun Sep 11 17:39:30.230066 2022] [wsgi:error] [pid 1432:tid 140660523959872] [remote 147.92.149.165:51488] INFO in utils: contactbaseByContactidF02C6876-6906-E811-80E9-00155D00640B
[Sun Sep 11 17:39:30.234531 2022] [wsgi:error] [pid 1432:tid 140660523959872] [remote 147.92.149.165:51488] INFO in utils: <lineBotApp.classes.Member object at 0x7fee0bbafe20>
[Sun Sep 11 17:39:30.557353 2022] [wsgi:error] [pid 1432:tid 140660523959872] [remote 147.92.149.165:51488] INFO in views: post 200
[Sun Sep 11 17:39:32.263393 2022] [wsgi:error] [pid 1432:tid 140660557530688] [remote 114.136.235.60:59202] {"contactid":"EE2C6876-6906-E811-80E9-00155D00640B","listid":"18B92D2E-3306-E811-80E8-00155D00640B","datakey":"5BFB2078-9790-E811-80D5-00155D006913","worshipdate":"2022-09-11","session":"\xe7\xac\xac\xe4\xba\x8c\xe5\xa0\x82","attended":"N"}
[Sun Sep 11 17:39:33.933448 2022] [ssl:info] [pid 1433:tid 140660514485824] [client 147.92.149.165:51738] AH01964: Connection to child 5 established (server ip134.puli27.ncnu.edu.tw:443)
[Sun Sep 11 17:39:34.082184 2022] [wsgi:error] [pid 1432:tid 140660523959872] [remote 147.92.149.165:51738] INFO in views: webhook
[Sun Sep 11 17:39:34.084642 2022] [wsgi:error] [pid 1432:tid 140660523959872] [remote 147.92.149.165:51738] INFO in views: =webook==09-11 17391662889174
[Sun Sep 11 17:39:34.084980 2022] [wsgi:error] [pid 1432:tid 140660523959872] [remote 147.92.149.165:51738] INFO in views: {"destination":"Ufbf396b0e828e31663dcfb22f429968d","events":[{"type":"postback","postback":{"data":"action=setGroupDate&worshipdate=2022-09-11&listid=18B92D2E-3306-E811-80E8-00155D00640B&cid=F02C6876-6906-E811-80E9-00155D00640B&opid=F02C6876-6906-E811-80E9-00155D00640B&sender=personal"},"webhookEventId":"01GCNYP8J3QNEAWRA1PZJWEMNR","deliveryContext":{"isRedelivery":false},"timestamp":1662889173068,"source":{"type":"user","userId":"Ud9725fe9fdc407ae99b4e0c2369338db"},"replyToken":"91d75a625194477b97ae24de8989daa0","mode":"active"}]}
[Sun Sep 11 17:39:34.152556 2022] [wsgi:error] [pid 1432:tid 140660523959872] [remote 147.92.149.165:51738] INFO in views: posback
[Sun Sep 11 17:39:34.154560 2022] [wsgi:error] [pid 1432:tid 140660523959872] [remote 147.92.149.165:51738] INFO in utils: get_contactbase Ud9725fe9fdc407ae99b4e0c2369338db
[Sun Sep 11 17:39:34.160149 2022] [wsgi:error] [pid 1432:tid 140660523959872] [remote 147.92.149.165:51738] INFO in utils: profile:Ud9725fe9fdc407ae99b4e0c2369338db John Chen(\xe9\x99\xb3\xe5\xb1\x95\xe7\x91\x8b)
[Sun Sep 11 17:39:34.165481 2022] [wsgi:error] [pid 1432:tid 140660523959872] [remote 147.92.149.165:51738] INFO in views: setGroupDate
[Sun Sep 11 17:39:34.165744 2022] [wsgi:error] [pid 1432:tid 140660523959872] [remote 147.92.149.165:51738] INFO in utils: contactbaseByContactidF02C6876-6906-E811-80E9-00155D00640B
[Sun Sep 11 17:39:34.170365 2022] [wsgi:error] [pid 1432:tid 140660523959872] [remote 147.92.149.165:51738] INFO in utils: <lineBotApp.classes.Member object at 0x7fee0bbaee00>
[Sun Sep 11 17:39:34.536039 2022] [wsgi:error] [pid 1432:tid 140660523959872] [remote 147.92.149.165:51738] INFO in views: post 200
[Sun Sep 11 17:39:34.751140 2022] [wsgi:error] [pid 1432:tid 140660557530688] [remote 114.136.235.60:59202] {"contactid":"EE2C6876-6906-E811-80E9-00155D00640B","listid":"18B92D2E-3306-E811-80E8-00155D00640B","datakey":"EC855D46-EF0A-E811-80EC-8F40B3957E36","worshipdate":"2022-09-11","session":"\xe7\xb7\x9a\xe4\xb8\x8a","attended":"N"}
[Sun Sep 11 17:39:36.972325 2022] [wsgi:error] [pid 1432:tid 140660523959872] [remote 114.136.235.60:59202] {"contactid":"EE2C6876-6906-E811-80E9-00155D00640B","listid":"18B92D2E-3306-E811-80E8-00155D00640B","datakey":"84373156-6270-EC11-80DE-00155D006913","worshipdate":"2022-09-11","session":"\xe7\xb7\x9a\xe4\xb8\x8a","attended":"N"}
[Sun Sep 11 17:39:42.915303 2022] [ssl:info] [pid 1433:tid 140660624672320] [client 147.92.149.165:52278] AH01964: Connection to child 0 established (server ip134.puli27.ncnu.edu.tw:443)
[Sun Sep 11 17:39:43.066481 2022] [wsgi:error] [pid 1432:tid 140660557530688] [remote 147.92.149.165:52278] INFO in views: webhook
[Sun Sep 11 17:39:43.066828 2022] [wsgi:error] [pid 1432:tid 140660557530688] [remote 147.92.149.165:52278] INFO in views: =webook==09-11 17391662889183
